Archive member included because of file (symbol)

c:/winavr-20100110/bin/../lib/gcc/avr/4.3.3/avr5\libgcc.a(_udivmodhi4.o)
                              ./Timer0_PWM.o (__udivmodhi4)
c:/winavr-20100110/bin/../lib/gcc/avr/4.3.3/avr5\libgcc.a(_udivmodsi4.o)
                              ./uart.o (__udivmodsi4)
c:/winavr-20100110/bin/../lib/gcc/avr/4.3.3/avr5\libgcc.a(_exit.o)
                              c:/winavr-20100110/bin/../lib/gcc/avr/4.3.3/../../../../avr/lib/avr5/crtm32.o (exit)
c:/winavr-20100110/bin/../lib/gcc/avr/4.3.3/avr5\libgcc.a(_copy_data.o)
                              ./Control_ECU_main.o (__do_copy_data)
c:/winavr-20100110/bin/../lib/gcc/avr/4.3.3/avr5\libgcc.a(_clear_bss.o)
                              ./Control_ECU_main.o (__do_clear_bss)
c:/winavr-20100110/bin/../lib/gcc/avr/4.3.3/../../../../avr/lib/avr5\libc.a(itoa.o)
                              ./LCD.o (itoa)
c:/winavr-20100110/bin/../lib/gcc/avr/4.3.3/../../../../avr/lib/avr5\libc.a(strrev.o)
                              c:/winavr-20100110/bin/../lib/gcc/avr/4.3.3/../../../../avr/lib/avr5\libc.a(itoa.o) (strrev)

Memory Configuration

Name             Origin             Length             Attributes
text             0x00000000         0x00020000         xr
data             0x00800060         0x0000ffa0         rw !x
eeprom           0x00810000         0x00010000         rw !x
fuse             0x00820000         0x00000400         rw !x
lock             0x00830000         0x00000400         rw !x
signature        0x00840000         0x00000400         rw !x
*default*        0x00000000         0xffffffff

Linker script and memory map

LOAD c:/winavr-20100110/bin/../lib/gcc/avr/4.3.3/../../../../avr/lib/avr5/crtm32.o
LOAD ./Buzzer.o
LOAD ./Control_ECU_main.o
LOAD ./DC_Motor.o
LOAD ./GPIO.o
LOAD ./Keypad.o
LOAD ./LCD.o
LOAD ./PIR_Sensor.o
LOAD ./Timer.o
LOAD ./Timer0_PWM.o
LOAD ./external_eeprom.o
LOAD ./twi.o
LOAD ./uart.o
LOAD c:/winavr-20100110/bin/../lib/gcc/avr/4.3.3/avr5\libgcc.a
LOAD c:/winavr-20100110/bin/../lib/gcc/avr/4.3.3/../../../../avr/lib/avr5\libc.a
LOAD c:/winavr-20100110/bin/../lib/gcc/avr/4.3.3/avr5\libgcc.a

.hash
 *(.hash)

.dynsym
 *(.dynsym)

.dynstr
 *(.dynstr)

.gnu.version
 *(.gnu.version)

.gnu.version_d
 *(.gnu.version_d)

.gnu.version_r
 *(.gnu.version_r)

.rel.init
 *(.rel.init)

.rela.init
 *(.rela.init)

.rel.text
 *(.rel.text)
 *(.rel.text.*)
 *(.rel.gnu.linkonce.t*)

.rela.text
 *(.rela.text)
 *(.rela.text.*)
 *(.rela.gnu.linkonce.t*)

.rel.fini
 *(.rel.fini)

.rela.fini
 *(.rela.fini)

.rel.rodata
 *(.rel.rodata)
 *(.rel.rodata.*)
 *(.rel.gnu.linkonce.r*)

.rela.rodata
 *(.rela.rodata)
 *(.rela.rodata.*)
 *(.rela.gnu.linkonce.r*)

.rel.data
 *(.rel.data)
 *(.rel.data.*)
 *(.rel.gnu.linkonce.d*)

.rela.data
 *(.rela.data)
 *(.rela.data.*)
 *(.rela.gnu.linkonce.d*)

.rel.ctors
 *(.rel.ctors)

.rela.ctors
 *(.rela.ctors)

.rel.dtors
 *(.rel.dtors)

.rela.dtors
 *(.rela.dtors)

.rel.got
 *(.rel.got)

.rela.got
 *(.rela.got)

.rel.bss
 *(.rel.bss)

.rela.bss
 *(.rela.bss)

.rel.plt
 *(.rel.plt)

.rela.plt
 *(.rela.plt)

.text           0x00000000     0x11ea
 *(.vectors)
 .vectors       0x00000000       0x54 c:/winavr-20100110/bin/../lib/gcc/avr/4.3.3/../../../../avr/lib/avr5/crtm32.o
                0x00000000                __vectors
                0x00000000                __vector_default
 *(.vectors)
 *(.progmem.gcc*)
 *(.progmem*)
                0x00000054                . = ALIGN (0x2)
                0x00000054                __trampolines_start = .
 *(.trampolines)
 .trampolines   0x00000054        0x0 linker stubs
 *(.trampolines*)
                0x00000054                __trampolines_end = .
 *(.jumptables)
 *(.jumptables*)
 *(.lowtext)
 *(.lowtext*)
                0x00000054                __ctors_start = .
 *(.ctors)
                0x00000054                __ctors_end = .
                0x00000054                __dtors_start = .
 *(.dtors)
                0x00000054                __dtors_end = .
 SORT(*)(.ctors)
 SORT(*)(.dtors)
 *(.init0)
 .init0         0x00000054        0x0 c:/winavr-20100110/bin/../lib/gcc/avr/4.3.3/../../../../avr/lib/avr5/crtm32.o
                0x00000054                __init
 *(.init0)
 *(.init1)
 *(.init1)
 *(.init2)
 .init2         0x00000054        0xc c:/winavr-20100110/bin/../lib/gcc/avr/4.3.3/../../../../avr/lib/avr5/crtm32.o
 *(.init2)
 *(.init3)
 *(.init3)
 *(.init4)
 .init4         0x00000060       0x16 c:/winavr-20100110/bin/../lib/gcc/avr/4.3.3/avr5\libgcc.a(_copy_data.o)
                0x00000060                __do_copy_data
 .init4         0x00000076       0x10 c:/winavr-20100110/bin/../lib/gcc/avr/4.3.3/avr5\libgcc.a(_clear_bss.o)
                0x00000076                __do_clear_bss
 *(.init4)
 *(.init5)
 *(.init5)
 *(.init6)
 *(.init6)
 *(.init7)
 *(.init7)
 *(.init8)
 *(.init8)
 *(.init9)
 .init9         0x00000086        0x8 c:/winavr-20100110/bin/../lib/gcc/avr/4.3.3/../../../../avr/lib/avr5/crtm32.o
 *(.init9)
 *(.text)
 .text          0x0000008e        0x4 c:/winavr-20100110/bin/../lib/gcc/avr/4.3.3/../../../../avr/lib/avr5/crtm32.o
                0x0000008e                __vector_1
                0x0000008e                __vector_12
                0x0000008e                __bad_interrupt
                0x0000008e                __vector_6
                0x0000008e                __vector_3
                0x0000008e                __vector_13
                0x0000008e                __vector_17
                0x0000008e                __vector_19
                0x0000008e                __vector_2
                0x0000008e                __vector_15
                0x0000008e                __vector_8
                0x0000008e                __vector_14
                0x0000008e                __vector_16
                0x0000008e                __vector_18
                0x0000008e                __vector_20
 .text          0x00000092        0x0 ./Buzzer.o
 .text          0x00000092        0x0 ./Control_ECU_main.o
 .text          0x00000092        0x0 ./DC_Motor.o
 .text          0x00000092        0x0 ./GPIO.o
 .text          0x00000092        0x0 ./Keypad.o
 .text          0x00000092        0x0 ./LCD.o
 .text          0x00000092        0x0 ./PIR_Sensor.o
 .text          0x00000092        0x0 ./Timer.o
 .text          0x00000092        0x0 ./Timer0_PWM.o
 .text          0x00000092        0x0 ./external_eeprom.o
 .text          0x00000092        0x0 ./twi.o
 .text          0x00000092        0x0 ./uart.o
 .text          0x00000092        0x0 c:/winavr-20100110/bin/../lib/gcc/avr/4.3.3/avr5\libgcc.a(_udivmodhi4.o)
 .text          0x00000092        0x0 c:/winavr-20100110/bin/../lib/gcc/avr/4.3.3/avr5\libgcc.a(_udivmodsi4.o)
 .text          0x00000092        0x0 c:/winavr-20100110/bin/../lib/gcc/avr/4.3.3/avr5\libgcc.a(_exit.o)
 .text          0x00000092        0x0 c:/winavr-20100110/bin/../lib/gcc/avr/4.3.3/avr5\libgcc.a(_copy_data.o)
 .text          0x00000092        0x0 c:/winavr-20100110/bin/../lib/gcc/avr/4.3.3/avr5\libgcc.a(_clear_bss.o)
 .text          0x00000092        0x0 c:/winavr-20100110/bin/../lib/gcc/avr/4.3.3/../../../../avr/lib/avr5\libc.a(itoa.o)
 .text          0x00000092        0x0 c:/winavr-20100110/bin/../lib/gcc/avr/4.3.3/../../../../avr/lib/avr5\libc.a(strrev.o)
                0x00000092                . = ALIGN (0x2)
 *(.text.*)
 .text.Buzzer_off
                0x00000092        0xc ./Buzzer.o
                0x00000092                Buzzer_off
 .text.Buzzer_on
                0x0000009e        0xc ./Buzzer.o
                0x0000009e                Buzzer_on
 .text.Buzzer_init
                0x000000aa       0x16 ./Buzzer.o
                0x000000aa                Buzzer_init
 .text.countOneSecond
                0x000000c0        0xc ./Control_ECU_main.o
                0x000000c0                countOneSecond
 .text.Timer1_DelaySecond
                0x000000cc       0x62 ./Control_ECU_main.o
                0x000000cc                Timer1_DelaySecond
 .text.RecivePasswordAndCheck
                0x0000012e       0x66 ./Control_ECU_main.o
                0x0000012e                RecivePasswordAndCheck
 .text.SavePasswordToEEPROM
                0x00000194       0x3c ./Control_ECU_main.o
                0x00000194                SavePasswordToEEPROM
 .text.main     0x000001d0      0x104 ./Control_ECU_main.o
                0x000001d0                main
 .text.DC_Motor_Rotate
                0x000002d4       0x4c ./DC_Motor.o
                0x000002d4                DC_Motor_Rotate
 .text.DC_Motor_Init
                0x00000320       0x2a ./DC_Motor.o
                0x00000320                DC_Motor_Init
 .text.GPIO_setupPinDirection
                0x0000034a       0xe8 ./GPIO.o
                0x0000034a                GPIO_setupPinDirection
 .text.GPIO_writePin
                0x00000432       0xe8 ./GPIO.o
                0x00000432                GPIO_writePin
 .text.GPIO_readPin
                0x0000051a       0x3c ./GPIO.o
                0x0000051a                GPIO_readPin
 .text.GPIO_setupPortDirection
                0x00000556       0x26 ./GPIO.o
                0x00000556                GPIO_setupPortDirection
 .text.GPIO_writePort
                0x0000057c       0x26 ./GPIO.o
                0x0000057c                GPIO_writePort
 .text.GPIO_readPort
                0x000005a2       0x2a ./GPIO.o
                0x000005a2                GPIO_readPort
 .text.KEYPAD_getPressedKey
                0x000005cc      0x158 ./Keypad.o
                0x000005cc                KEYPAD_getPressedKey
 .text.LCD_displayCharacter
                0x00000724      0x126 ./LCD.o
                0x00000724                LCD_displayCharacter
 .text.LCD_displayString
                0x0000084a       0x26 ./LCD.o
                0x0000084a                LCD_displayString
 .text.LCD_intgerToString
                0x00000870       0x44 ./LCD.o
                0x00000870                LCD_intgerToString
 .text.LCD_sendCommand
                0x000008b4      0x126 ./LCD.o
                0x000008b4                LCD_sendCommand
 .text.LCD_clearScreen
                0x000009da        0x8 ./LCD.o
                0x000009da                LCD_clearScreen
 .text.LCD_moveCursor
                0x000009e2       0x26 ./LCD.o
                0x000009e2                LCD_moveCursor
 .text.LCD_displayStringRowColumn
                0x00000a08       0x16 ./LCD.o
                0x00000a08                LCD_displayStringRowColumn
 .text.LCD_init
                0x00000a1e       0x64 ./LCD.o
                0x00000a1e                LCD_init
 .text.PIR_getValue
                0x00000a82        0xa ./PIR_Sensor.o
                0x00000a82                PIR_getValue
 .text.PIR_init
                0x00000a8c        0xc ./PIR_Sensor.o
                0x00000a8c                PIR_init
 .text.__vector_11
                0x00000a98       0x52 ./Timer.o
                0x00000a98                __vector_11
 .text.__vector_10
                0x00000aea       0x52 ./Timer.o
                0x00000aea                __vector_10
 .text.__vector_9
                0x00000b3c       0x52 ./Timer.o
                0x00000b3c                __vector_9
 .text.__vector_7
                0x00000b8e       0x52 ./Timer.o
                0x00000b8e                __vector_7
 .text.__vector_5
                0x00000be0       0x52 ./Timer.o
                0x00000be0                __vector_5
 .text.__vector_4
                0x00000c32       0x52 ./Timer.o
                0x00000c32                __vector_4
 .text.Timer_init
                0x00000c84      0x190 ./Timer.o
                0x00000c84                Timer_init
 .text.Timer_deInit
                0x00000e14       0x76 ./Timer.o
                0x00000e14                Timer_deInit
 .text.Timer_setCallBack
                0x00000e8a       0x12 ./Timer.o
                0x00000e8a                Timer_setCallBack
 .text.Timer0_init_PWM
                0x00000e9c       0x18 ./Timer0_PWM.o
                0x00000e9c                Timer0_init_PWM
 .text.PWM_Set_Duty_Cycle
                0x00000eb4       0x1c ./Timer0_PWM.o
                0x00000eb4                PWM_Set_Duty_Cycle
 .text.EEPROM_readByte
                0x00000ed0       0x8a ./external_eeprom.o
                0x00000ed0                EEPROM_readByte
 .text.EEPROM_writeByte
                0x00000f5a       0x62 ./external_eeprom.o
                0x00000f5a                EEPROM_writeByte
 .text.TWI_init
                0x00000fbc       0x40 ./twi.o
                0x00000fbc                TWI_init
 .text.TWI_start
                0x00000ffc        0xc ./twi.o
                0x00000ffc                TWI_start
 .text.TWI_stop
                0x00001008        0x6 ./twi.o
                0x00001008                TWI_stop
 .text.TWI_writeByte
                0x0000100e        0xe ./twi.o
                0x0000100e                TWI_writeByte
 .text.TWI_readByteWithACK
                0x0000101c        0xe ./twi.o
                0x0000101c                TWI_readByteWithACK
 .text.TWI_readByteWithNACK
                0x0000102a        0xe ./twi.o
                0x0000102a                TWI_readByteWithNACK
 .text.TWI_getStatus
                0x00001038        0x6 ./twi.o
                0x00001038                TWI_getStatus
 .text.UART_init
                0x0000103e       0x82 ./uart.o
                0x0000103e                UART_init
 .text.UART_sendByte
                0x000010c0        0x8 ./uart.o
                0x000010c0                UART_sendByte
 .text.UART_recieveByte
                0x000010c8        0x8 ./uart.o
                0x000010c8                UART_recieveByte
 .text.UART_sendString
                0x000010d0       0x1a ./uart.o
                0x000010d0                UART_sendString
 .text.UART_receiveString
                0x000010ea       0x2e ./uart.o
                0x000010ea                UART_receiveString
 .text.libgcc   0x00001118       0x28 c:/winavr-20100110/bin/../lib/gcc/avr/4.3.3/avr5\libgcc.a(_udivmodhi4.o)
                0x00001118                __udivmodhi4
 .text.libgcc   0x00001140       0x44 c:/winavr-20100110/bin/../lib/gcc/avr/4.3.3/avr5\libgcc.a(_udivmodsi4.o)
                0x00001140                __udivmodsi4
 .text.libgcc   0x00001184        0x0 c:/winavr-20100110/bin/../lib/gcc/avr/4.3.3/avr5\libgcc.a(_exit.o)
 .text.libgcc   0x00001184        0x0 c:/winavr-20100110/bin/../lib/gcc/avr/4.3.3/avr5\libgcc.a(_copy_data.o)
 .text.libgcc   0x00001184        0x0 c:/winavr-20100110/bin/../lib/gcc/avr/4.3.3/avr5\libgcc.a(_clear_bss.o)
 .text.avr-libc
                0x00001184       0x42 c:/winavr-20100110/bin/../lib/gcc/avr/4.3.3/../../../../avr/lib/avr5\libc.a(itoa.o)
                0x00001184                itoa
 .text.avr-libc
                0x000011c6       0x20 c:/winavr-20100110/bin/../lib/gcc/avr/4.3.3/../../../../avr/lib/avr5\libc.a(strrev.o)
                0x000011c6                strrev
                0x000011e6                . = ALIGN (0x2)
 *(.fini9)
 .fini9         0x000011e6        0x0 c:/winavr-20100110/bin/../lib/gcc/avr/4.3.3/avr5\libgcc.a(_exit.o)
                0x000011e6                exit
                0x000011e6                _exit
 *(.fini9)
 *(.fini8)
 *(.fini8)
 *(.fini7)
 *(.fini7)
 *(.fini6)
 *(.fini6)
 *(.fini5)
 *(.fini5)
 *(.fini4)
 *(.fini4)
 *(.fini3)
 *(.fini3)
 *(.fini2)
 *(.fini2)
 *(.fini1)
 *(.fini1)
 *(.fini0)
 .fini0         0x000011e6        0x4 c:/winavr-20100110/bin/../lib/gcc/avr/4.3.3/avr5\libgcc.a(_exit.o)
 *(.fini0)
                0x000011ea                _etext = .

.data           0x00800060       0x12 load address 0x000011ea
                0x00800060                PROVIDE (__data_start, .)
 *(.data)
 .data          0x00800060        0x0 c:/winavr-20100110/bin/../lib/gcc/avr/4.3.3/../../../../avr/lib/avr5/crtm32.o
 .data          0x00800060        0x0 ./Buzzer.o
 .data          0x00800060        0x0 ./Control_ECU_main.o
 .data          0x00800060        0x0 ./DC_Motor.o
 .data          0x00800060        0x0 ./GPIO.o
 .data          0x00800060        0x0 ./Keypad.o
 .data          0x00800060        0x0 ./LCD.o
 .data          0x00800060        0x0 ./PIR_Sensor.o
 .data          0x00800060        0x0 ./Timer.o
 .data          0x00800060        0x0 ./Timer0_PWM.o
 .data          0x00800060        0x0 ./external_eeprom.o
 .data          0x00800060        0x0 ./twi.o
 .data          0x00800060        0x0 ./uart.o
 .data          0x00800060        0x0 c:/winavr-20100110/bin/../lib/gcc/avr/4.3.3/avr5\libgcc.a(_udivmodhi4.o)
 .data          0x00800060        0x0 c:/winavr-20100110/bin/../lib/gcc/avr/4.3.3/avr5\libgcc.a(_udivmodsi4.o)
 .data          0x00800060        0x0 c:/winavr-20100110/bin/../lib/gcc/avr/4.3.3/avr5\libgcc.a(_exit.o)
 .data          0x00800060        0x0 c:/winavr-20100110/bin/../lib/gcc/avr/4.3.3/avr5\libgcc.a(_copy_data.o)
 .data          0x00800060        0x0 c:/winavr-20100110/bin/../lib/gcc/avr/4.3.3/avr5\libgcc.a(_clear_bss.o)
 .data          0x00800060        0x0 c:/winavr-20100110/bin/../lib/gcc/avr/4.3.3/../../../../avr/lib/avr5\libc.a(itoa.o)
 .data          0x00800060        0x0 c:/winavr-20100110/bin/../lib/gcc/avr/4.3.3/../../../../avr/lib/avr5\libc.a(strrev.o)
 *(.data*)
 *(.rodata)
 *(.rodata*)
 .rodata.C.9.1550
                0x00800060        0x7 ./Control_ECU_main.o
 .rodata.C.1.1508
                0x00800067        0x3 ./Control_ECU_main.o
 .rodata.C.0.1507
                0x0080006a        0x8 ./Control_ECU_main.o
 *(.gnu.linkonce.d*)
                0x00800072                . = ALIGN (0x2)
                0x00800072                _edata = .
                0x00800072                PROVIDE (__data_end, .)

.bss            0x00800072        0x7
                0x00800072                PROVIDE (__bss_start, .)
 *(.bss)
 .bss           0x00800072        0x0 c:/winavr-20100110/bin/../lib/gcc/avr/4.3.3/../../../../avr/lib/avr5/crtm32.o
 .bss           0x00800072        0x0 ./Buzzer.o
 .bss           0x00800072        0x0 ./Control_ECU_main.o
 .bss           0x00800072        0x0 ./DC_Motor.o
 .bss           0x00800072        0x0 ./GPIO.o
 .bss           0x00800072        0x0 ./Keypad.o
 .bss           0x00800072        0x0 ./LCD.o
 .bss           0x00800072        0x0 ./PIR_Sensor.o
 .bss           0x00800072        0x0 ./Timer.o
 .bss           0x00800072        0x0 ./Timer0_PWM.o
 .bss           0x00800072        0x0 ./external_eeprom.o
 .bss           0x00800072        0x0 ./twi.o
 .bss           0x00800072        0x0 ./uart.o
 .bss           0x00800072        0x0 c:/winavr-20100110/bin/../lib/gcc/avr/4.3.3/avr5\libgcc.a(_udivmodhi4.o)
 .bss           0x00800072        0x0 c:/winavr-20100110/bin/../lib/gcc/avr/4.3.3/avr5\libgcc.a(_udivmodsi4.o)
 .bss           0x00800072        0x0 c:/winavr-20100110/bin/../lib/gcc/avr/4.3.3/avr5\libgcc.a(_exit.o)
 .bss           0x00800072        0x0 c:/winavr-20100110/bin/../lib/gcc/avr/4.3.3/avr5\libgcc.a(_copy_data.o)
 .bss           0x00800072        0x0 c:/winavr-20100110/bin/../lib/gcc/avr/4.3.3/avr5\libgcc.a(_clear_bss.o)
 .bss           0x00800072        0x0 c:/winavr-20100110/bin/../lib/gcc/avr/4.3.3/../../../../avr/lib/avr5\libc.a(itoa.o)
 .bss           0x00800072        0x0 c:/winavr-20100110/bin/../lib/gcc/avr/4.3.3/../../../../avr/lib/avr5\libc.a(strrev.o)
 *(.bss*)
 .bss.g_ticks   0x00800072        0x1 ./Control_ECU_main.o
 .bss.g_callBackPtr
                0x00800073        0x6 ./Timer.o
 *(COMMON)
                0x00800079                PROVIDE (__bss_end, .)
                0x000011ea                __data_load_start = LOADADDR (.data)
                0x000011fc                __data_load_end = (__data_load_start + SIZEOF (.data))

.noinit         0x00800079        0x0
                0x00800079                PROVIDE (__noinit_start, .)
 *(.noinit*)
                0x00800079                PROVIDE (__noinit_end, .)
                0x00800079                _end = .
                0x00800079                PROVIDE (__heap_start, .)

.eeprom         0x00810000        0x0
 *(.eeprom*)
                0x00810000                __eeprom_end = .

.fuse
 *(.fuse)
 *(.lfuse)
 *(.hfuse)
 *(.efuse)

.lock
 *(.lock*)

.signature
 *(.signature*)

.stab
 *(.stab)

.stabstr
 *(.stabstr)

.stab.excl
 *(.stab.excl)

.stab.exclstr
 *(.stab.exclstr)

.stab.index
 *(.stab.index)

.stab.indexstr
 *(.stab.indexstr)

.comment
 *(.comment)

.debug
 *(.debug)

.line
 *(.line)

.debug_srcinfo
 *(.debug_srcinfo)

.debug_sfnames
 *(.debug_sfnames)

.debug_aranges
 *(.debug_aranges)

.debug_pubnames
 *(.debug_pubnames)

.debug_info
 *(.debug_info)
 *(.gnu.linkonce.wi.*)

.debug_abbrev
 *(.debug_abbrev)

.debug_line
 *(.debug_line)

.debug_frame
 *(.debug_frame)

.debug_str
 *(.debug_str)

.debug_loc
 *(.debug_loc)

.debug_macinfo
 *(.debug_macinfo)
OUTPUT(Control_ECU_Code.elf elf32-avr)
LOAD linker stubs
